mode: set
github.com/pablo-banker/junglegaming-test/internal/domain/currency.go:16.2,16.44 1 1
github.com/pablo-banker/junglegaming-test/internal/domain/currency.go:17.3,18.1 1 1
github.com/pablo-banker/junglegaming-test/internal/domain/currency.go:20.2,20.34 1 1
github.com/pablo-banker/junglegaming-test/internal/domain/currency.go:25.2,26.1 1 1
github.com/pablo-banker/junglegaming-test/internal/domain/currency.go:30.2,31.1 1 1
github.com/pablo-banker/junglegaming-test/internal/domain/currency.go:35.2,36.1 1 1
github.com/pablo-banker/junglegaming-test/internal/domain/currency.go:40.2,41.1 1 1
github.com/pablo-banker/junglegaming-test/internal/domain/money.go:22.2,22.25 1 1
github.com/pablo-banker/junglegaming-test/internal/domain/money.go:23.3,24.1 1 1
github.com/pablo-banker/junglegaming-test/internal/domain/money.go:26.2,26.45 1 1
github.com/pablo-banker/junglegaming-test/internal/domain/money.go:27.3,28.1 1 1
github.com/pablo-banker/junglegaming-test/internal/domain/money.go:30.2,31.16 2 1
github.com/pablo-banker/junglegaming-test/internal/domain/money.go:32.3,33.1 1 0
github.com/pablo-banker/junglegaming-test/internal/domain/money.go:35.2,38.8 1 1
github.com/pablo-banker/junglegaming-test/internal/domain/money.go:43.2,46.1 1 1
github.com/pablo-banker/junglegaming-test/internal/domain/money.go:51.2,51.51 1 1
github.com/pablo-banker/junglegaming-test/internal/domain/money.go:52.3,53.1 1 1
github.com/pablo-banker/junglegaming-test/internal/domain/money.go:55.2,56.35 2 1
github.com/pablo-banker/junglegaming-test/internal/domain/money.go:57.3,58.1 1 1
github.com/pablo-banker/junglegaming-test/internal/domain/money.go:60.2,63.8 1 1
github.com/pablo-banker/junglegaming-test/internal/domain/money.go:68.2,68.51 1 1
github.com/pablo-banker/junglegaming-test/internal/domain/money.go:69.3,70.1 1 1
github.com/pablo-banker/junglegaming-test/internal/domain/money.go:72.2,73.35 2 1
github.com/pablo-banker/junglegaming-test/internal/domain/money.go:74.3,75.1 1 1
github.com/pablo-banker/junglegaming-test/internal/domain/money.go:77.2,80.8 1 1
github.com/pablo-banker/junglegaming-test/internal/domain/money.go:85.2,88.1 1 1
github.com/pablo-banker/junglegaming-test/internal/domain/money.go:93.2,93.51 1 1
github.com/pablo-banker/junglegaming-test/internal/domain/money.go:94.3,95.1 1 1
github.com/pablo-banker/junglegaming-test/internal/domain/money.go:97.2,97.40 1 1
github.com/pablo-banker/junglegaming-test/internal/domain/money.go:102.2,103.1 1 1
github.com/pablo-banker/junglegaming-test/internal/domain/money.go:107.2,108.1 1 1
github.com/pablo-banker/junglegaming-test/internal/domain/money.go:112.2,113.1 1 1
github.com/pablo-banker/junglegaming-test/internal/domain/money.go:117.2,118.1 1 1
github.com/pablo-banker/junglegaming-test/internal/domain/money.go:122.2,123.1 1 1
github.com/pablo-banker/junglegaming-test/internal/domain/money.go:127.2,128.1 1 1
github.com/pablo-banker/junglegaming-test/internal/domain/money.go:132.2,133.1 1 1
github.com/pablo-banker/junglegaming-test/internal/domain/money.go:137.2,138.1 1 0
github.com/pablo-banker/junglegaming-test/internal/domain/money.go:142.2,142.38 1 1
github.com/pablo-banker/junglegaming-test/internal/domain/money.go:143.3,144.1 1 1
github.com/pablo-banker/junglegaming-test/internal/domain/money.go:146.2,146.39 1 1
github.com/pablo-banker/junglegaming-test/internal/domain/money.go:147.3,148.1 1 1
github.com/pablo-banker/junglegaming-test/internal/domain/money.go:150.2,150.12 1 1
github.com/pablo-banker/junglegaming-test/internal/domain/money.go:155.2,156.1 1 1
github.com/pablo-banker/junglegaming-test/internal/domain/wager_transaction.go:86.2,86.65 1 1
github.com/pablo-banker/junglegaming-test/internal/domain/wager_transaction.go:87.3,88.1 1 1
github.com/pablo-banker/junglegaming-test/internal/domain/wager_transaction.go:90.2,91.1 2 1
github.com/pablo-banker/junglegaming-test/internal/domain/wager_transaction.go:92.2,108.8 2 1
github.com/pablo-banker/junglegaming-test/internal/domain/wager_transaction.go:113.2,113.64 1 1
github.com/pablo-banker/junglegaming-test/internal/domain/wager_transaction.go:114.3,115.1 1 1
github.com/pablo-banker/junglegaming-test/internal/domain/wager_transaction.go:117.2,118.1 2 1
github.com/pablo-banker/junglegaming-test/internal/domain/wager_transaction.go:119.2,128.8 2 1
github.com/pablo-banker/junglegaming-test/internal/domain/wager_transaction.go:133.2,133.67 1 1
github.com/pablo-banker/junglegaming-test/internal/domain/wager_transaction.go:134.3,135.1 1 1
github.com/pablo-banker/junglegaming-test/internal/domain/wager_transaction.go:137.2,157.1 2 1
github.com/pablo-banker/junglegaming-test/internal/domain/wager_transaction.go:159.2,159.33 2 1
github.com/pablo-banker/junglegaming-test/internal/domain/wager_transaction.go:160.3,162.1 2 1
github.com/pablo-banker/junglegaming-test/internal/domain/wager_transaction.go:164.2,164.32 1 1
github.com/pablo-banker/junglegaming-test/internal/domain/wager_transaction.go:165.3,167.1 2 1
github.com/pablo-banker/junglegaming-test/internal/domain/wager_transaction.go:169.2,169.31 1 1
github.com/pablo-banker/junglegaming-test/internal/domain/wager_transaction.go:170.3,172.1 2 1
github.com/pablo-banker/junglegaming-test/internal/domain/wager_transaction.go:174.2,174.25 1 1
github.com/pablo-banker/junglegaming-test/internal/domain/wager_transaction.go:179.2,179.27 1 1
github.com/pablo-banker/junglegaming-test/internal/domain/wager_transaction.go:180.3,181.1 1 1
github.com/pablo-banker/junglegaming-test/internal/domain/wager_transaction.go:183.2,185.40 1 1
github.com/pablo-banker/junglegaming-test/internal/domain/wager_transaction.go:186.3,187.1 1 1
github.com/pablo-banker/junglegaming-test/internal/domain/wager_transaction.go:189.2,189.74 1 1
github.com/pablo-banker/junglegaming-test/internal/domain/wager_transaction.go:194.2,194.27 1 1
github.com/pablo-banker/junglegaming-test/internal/domain/wager_transaction.go:195.3,196.1 1 1
github.com/pablo-banker/junglegaming-test/internal/domain/wager_transaction.go:198.2,198.55 1 1
github.com/pablo-banker/junglegaming-test/internal/domain/wager_transaction.go:199.3,200.1 1 1
github.com/pablo-banker/junglegaming-test/internal/domain/wager_transaction.go:202.2,202.42 1 1
github.com/pablo-banker/junglegaming-test/internal/domain/wager_transaction.go:203.3,204.60 1 1
github.com/pablo-banker/junglegaming-test/internal/domain/wager_transaction.go:205.4,206.1 1 1
github.com/pablo-banker/junglegaming-test/internal/domain/wager_transaction.go:208.3,208.13 1 1
github.com/pablo-banker/junglegaming-test/internal/domain/wager_transaction.go:211.2,211.55 1 1
github.com/pablo-banker/junglegaming-test/internal/domain/wager_transaction.go:212.3,213.1 1 1
github.com/pablo-banker/junglegaming-test/internal/domain/wager_transaction.go:215.2,217.1 3 1
github.com/pablo-banker/junglegaming-test/internal/domain/wager_transaction.go:218.2,218.56 3 1
github.com/pablo-banker/junglegaming-test/internal/domain/wager_transaction.go:219.3,219.82 1 1
github.com/pablo-banker/junglegaming-test/internal/domain/wager_transaction.go:220.4,221.1 1 0
github.com/pablo-banker/junglegaming-test/internal/domain/wager_transaction.go:223.3,223.13 1 1
github.com/pablo-banker/junglegaming-test/internal/domain/wager_transaction.go:226.2,227.1 2 1
github.com/pablo-banker/junglegaming-test/internal/domain/wager_transaction.go:228.2,228.12 2 1
github.com/pablo-banker/junglegaming-test/internal/domain/wager_transaction.go:237.2,237.27 1 1
github.com/pablo-banker/junglegaming-test/internal/domain/wager_transaction.go:238.3,239.1 1 1
github.com/pablo-banker/junglegaming-test/internal/domain/wager_transaction.go:241.2,241.64 1 1
github.com/pablo-banker/junglegaming-test/internal/domain/wager_transaction.go:242.3,243.1 1 1
github.com/pablo-banker/junglegaming-test/internal/domain/wager_transaction.go:245.2,251.16 1 1
github.com/pablo-banker/junglegaming-test/internal/domain/wager_transaction.go:252.3,253.1 1 1
github.com/pablo-banker/junglegaming-test/internal/domain/wager_transaction.go:255.2,255.85 1 1
github.com/pablo-banker/junglegaming-test/internal/domain/wager_transaction.go:256.3,257.1 1 1
github.com/pablo-banker/junglegaming-test/internal/domain/wager_transaction.go:259.2,261.1 5 1
github.com/pablo-banker/junglegaming-test/internal/domain/wager_transaction.go:262.2,264.1 5 1
github.com/pablo-banker/junglegaming-test/internal/domain/wager_transaction.go:265.2,265.12 5 1
github.com/pablo-banker/junglegaming-test/internal/domain/wager_transaction.go:274.2,280.1 1 1
github.com/pablo-banker/junglegaming-test/internal/domain/wager_transaction.go:288.2,294.1 1 1
github.com/pablo-banker/junglegaming-test/internal/domain/wager_transaction.go:303.2,303.27 1 1
github.com/pablo-banker/junglegaming-test/internal/domain/wager_transaction.go:304.3,305.1 1 1
github.com/pablo-banker/junglegaming-test/internal/domain/wager_transaction.go:307.2,307.54 1 1
github.com/pablo-banker/junglegaming-test/internal/domain/wager_transaction.go:308.3,309.1 1 1
github.com/pablo-banker/junglegaming-test/internal/domain/wager_transaction.go:311.2,311.42 1 1
github.com/pablo-banker/junglegaming-test/internal/domain/wager_transaction.go:312.3,313.1 1 1
github.com/pablo-banker/junglegaming-test/internal/domain/wager_transaction.go:315.2,315.60 1 1
github.com/pablo-banker/junglegaming-test/internal/domain/wager_transaction.go:316.3,317.1 1 1
github.com/pablo-banker/junglegaming-test/internal/domain/wager_transaction.go:319.2,321.1 5 1
github.com/pablo-banker/junglegaming-test/internal/domain/wager_transaction.go:322.2,324.1 5 1
github.com/pablo-banker/junglegaming-test/internal/domain/wager_transaction.go:325.2,325.12 5 1
github.com/pablo-banker/junglegaming-test/internal/domain/wager_transaction.go:330.2,330.27 1 1
github.com/pablo-banker/junglegaming-test/internal/domain/wager_transaction.go:331.3,332.1 1 0
github.com/pablo-banker/junglegaming-test/internal/domain/wager_transaction.go:334.2,334.23 1 1
github.com/pablo-banker/junglegaming-test/internal/domain/wager_transaction.go:335.3,336.1 1 0
github.com/pablo-banker/junglegaming-test/internal/domain/wager_transaction.go:338.2,338.55 1 1
github.com/pablo-banker/junglegaming-test/internal/domain/wager_transaction.go:339.3,340.1 1 1
github.com/pablo-banker/junglegaming-test/internal/domain/wager_transaction.go:342.2,342.49 1 1
github.com/pablo-banker/junglegaming-test/internal/domain/wager_transaction.go:343.3,344.1 1 1
github.com/pablo-banker/junglegaming-test/internal/domain/wager_transaction.go:346.2,348.1 3 1
github.com/pablo-banker/junglegaming-test/internal/domain/wager_transaction.go:349.2,349.12 3 1
github.com/pablo-banker/junglegaming-test/internal/domain/wager_transaction.go:354.2,354.57 1 1
github.com/pablo-banker/junglegaming-test/internal/domain/wager_transaction.go:355.3,356.1 1 1
github.com/pablo-banker/junglegaming-test/internal/domain/wager_transaction.go:358.2,358.12 1 1
github.com/pablo-banker/junglegaming-test/internal/domain/wager_transaction.go:363.2,364.1 1 1
github.com/pablo-banker/junglegaming-test/internal/domain/wager_transaction.go:368.2,369.1 1 1
github.com/pablo-banker/junglegaming-test/internal/domain/wager_transaction.go:373.2,374.1 1 1
github.com/pablo-banker/junglegaming-test/internal/domain/wager_transaction.go:378.2,379.1 1 1
github.com/pablo-banker/junglegaming-test/internal/domain/wager_transaction.go:383.2,384.1 1 1
github.com/pablo-banker/junglegaming-test/internal/domain/wager_transaction.go:388.2,389.1 1 1
github.com/pablo-banker/junglegaming-test/internal/domain/wager_transaction.go:393.2,394.1 1 1
github.com/pablo-banker/junglegaming-test/internal/domain/wager_transaction.go:398.2,399.1 1 1
github.com/pablo-banker/junglegaming-test/internal/domain/wager_transaction.go:403.2,404.1 1 1
github.com/pablo-banker/junglegaming-test/internal/domain/wager_transaction.go:408.2,409.1 1 1
github.com/pablo-banker/junglegaming-test/internal/domain/wager_transaction.go:413.2,414.1 1 1
github.com/pablo-banker/junglegaming-test/internal/domain/wager_transaction.go:418.2,419.1 1 1
github.com/pablo-banker/junglegaming-test/internal/domain/wager_transaction.go:423.2,424.1 1 1
github.com/pablo-banker/junglegaming-test/internal/domain/wager_transaction.go:428.2,429.1 1 1
github.com/pablo-banker/junglegaming-test/internal/domain/wager_transaction.go:433.2,434.1 1 1
github.com/pablo-banker/junglegaming-test/internal/domain/wager_transaction.go:438.2,439.1 1 1
github.com/pablo-banker/junglegaming-test/internal/domain/wager_transaction.go:443.2,443.28 1 1
github.com/pablo-banker/junglegaming-test/internal/domain/wager_transaction.go:444.3,445.1 1 1
github.com/pablo-banker/junglegaming-test/internal/domain/wager_transaction.go:447.2,447.31 1 1
github.com/pablo-banker/junglegaming-test/internal/domain/wager_transaction.go:452.2,452.27 1 1
github.com/pablo-banker/junglegaming-test/internal/domain/wager_transaction.go:453.3,454.1 1 1
github.com/pablo-banker/junglegaming-test/internal/domain/wager_transaction.go:456.2,456.30 1 1
github.com/pablo-banker/junglegaming-test/internal/domain/wager_transaction.go:461.2,462.1 1 1
github.com/pablo-banker/junglegaming-test/internal/domain/wager_transaction.go:466.2,467.1 1 1
github.com/pablo-banker/junglegaming-test/internal/domain/wager_transaction.go:471.2,471.26 1 1
github.com/pablo-banker/junglegaming-test/internal/domain/wager_transaction.go:472.3,473.1 1 1
github.com/pablo-banker/junglegaming-test/internal/domain/wager_transaction.go:475.2,475.29 1 1
github.com/pablo-banker/junglegaming-test/internal/domain/wager_transaction.go:480.2,481.1 1 1
github.com/pablo-banker/junglegaming-test/internal/domain/wager_transaction_type.go:26.2,26.11 1 1
github.com/pablo-banker/junglegaming-test/internal/domain/wager_transaction_type.go:33.3,33.14 1 1
github.com/pablo-banker/junglegaming-test/internal/domain/wager_transaction_type.go:35.3,35.15 1 1
github.com/pablo-banker/junglegaming-test/internal/domain/wager_transaction_type.go:41.2,42.1 1 1
github.com/pablo-banker/junglegaming-test/internal/domain/wager_transaction_type.go:46.2,48.1 1 1
github.com/pablo-banker/junglegaming-test/internal/domain/wager_transaction_type.go:52.2,53.1 1 1
github.com/pablo-banker/junglegaming-test/internal/domain/wager_transaction_type.go:57.2,58.1 1 1
github.com/pablo-banker/junglegaming-test/internal/domain/wager_transaction_type.go:62.2,62.11 1 1
github.com/pablo-banker/junglegaming-test/internal/domain/wager_transaction_type.go:68.3,68.14 1 1
github.com/pablo-banker/junglegaming-test/internal/domain/wager_transaction_type.go:70.3,70.15 1 1
github.com/pablo-banker/junglegaming-test/internal/domain/wager_transaction_type.go:76.2,79.1 1 1
github.com/pablo-banker/junglegaming-test/internal/domain/wager_transaction_type.go:83.2,84.1 1 1
github.com/pablo-banker/junglegaming-test/internal/domain/wager_transaction_validation.go:11.2,11.27 1 1
github.com/pablo-banker/junglegaming-test/internal/domain/wager_transaction_validation.go:12.3,13.1 1 1
github.com/pablo-banker/junglegaming-test/internal/domain/wager_transaction_validation.go:15.2,15.48 1 1
github.com/pablo-banker/junglegaming-test/internal/domain/wager_transaction_validation.go:16.3,17.1 1 1
github.com/pablo-banker/junglegaming-test/internal/domain/wager_transaction_validation.go:19.2,19.59 1 1
github.com/pablo-banker/junglegaming-test/internal/domain/wager_transaction_validation.go:20.3,21.1 1 1
github.com/pablo-banker/junglegaming-test/internal/domain/wager_transaction_validation.go:23.2,23.52 1 1
github.com/pablo-banker/junglegaming-test/internal/domain/wager_transaction_validation.go:24.3,25.1 1 1
github.com/pablo-banker/junglegaming-test/internal/domain/wager_transaction_validation.go:27.2,27.49 1 1
github.com/pablo-banker/junglegaming-test/internal/domain/wager_transaction_validation.go:28.3,29.1 1 1
github.com/pablo-banker/junglegaming-test/internal/domain/wager_transaction_validation.go:31.2,31.33 1 1
github.com/pablo-banker/junglegaming-test/internal/domain/wager_transaction_validation.go:32.3,33.1 1 1
github.com/pablo-banker/junglegaming-test/internal/domain/wager_transaction_validation.go:35.2,35.33 1 1
github.com/pablo-banker/junglegaming-test/internal/domain/wager_transaction_validation.go:36.3,37.1 1 1
github.com/pablo-banker/junglegaming-test/internal/domain/wager_transaction_validation.go:39.2,39.45 1 1
github.com/pablo-banker/junglegaming-test/internal/domain/wager_transaction_validation.go:40.3,41.1 1 1
github.com/pablo-banker/junglegaming-test/internal/domain/wager_transaction_validation.go:43.2,43.44 1 1
github.com/pablo-banker/junglegaming-test/internal/domain/wager_transaction_validation.go:44.3,45.1 1 1
github.com/pablo-banker/junglegaming-test/internal/domain/wager_transaction_validation.go:47.2,47.31 1 1
github.com/pablo-banker/junglegaming-test/internal/domain/wager_transaction_validation.go:48.3,49.1 1 1
github.com/pablo-banker/junglegaming-test/internal/domain/wager_transaction_validation.go:51.2,51.58 1 1
github.com/pablo-banker/junglegaming-test/internal/domain/wager_transaction_validation.go:52.3,53.1 1 1
github.com/pablo-banker/junglegaming-test/internal/domain/wager_transaction_validation.go:55.2,55.72 1 1
github.com/pablo-banker/junglegaming-test/internal/domain/wager_transaction_validation.go:56.3,57.1 1 1
github.com/pablo-banker/junglegaming-test/internal/domain/wager_transaction_validation.go:59.2,59.102 1 1
github.com/pablo-banker/junglegaming-test/internal/domain/wager_transaction_validation.go:60.3,61.1 1 1
github.com/pablo-banker/junglegaming-test/internal/domain/wager_transaction_validation.go:63.2,63.31 1 1
github.com/pablo-banker/junglegaming-test/internal/domain/wager_transaction_validation.go:64.3,65.1 1 1
github.com/pablo-banker/junglegaming-test/internal/domain/wager_transaction_validation.go:67.2,67.12 1 1
github.com/pablo-banker/junglegaming-test/internal/domain/wager_transaction_validation.go:72.2,72.27 1 1
github.com/pablo-banker/junglegaming-test/internal/domain/wager_transaction_validation.go:73.3,74.1 1 1
github.com/pablo-banker/junglegaming-test/internal/domain/wager_transaction_validation.go:76.2,76.33 1 1
github.com/pablo-banker/junglegaming-test/internal/domain/wager_transaction_validation.go:77.3,78.1 1 1
github.com/pablo-banker/junglegaming-test/internal/domain/wager_transaction_validation.go:80.2,80.33 1 1
github.com/pablo-banker/junglegaming-test/internal/domain/wager_transaction_validation.go:81.3,82.1 1 1
github.com/pablo-banker/junglegaming-test/internal/domain/wager_transaction_validation.go:84.2,84.58 1 1
github.com/pablo-banker/junglegaming-test/internal/domain/wager_transaction_validation.go:85.3,86.1 1 1
github.com/pablo-banker/junglegaming-test/internal/domain/wager_transaction_validation.go:88.2,88.33 1 1
github.com/pablo-banker/junglegaming-test/internal/domain/wager_transaction_validation.go:89.3,90.1 1 1
github.com/pablo-banker/junglegaming-test/internal/domain/wager_transaction_validation.go:92.2,92.31 1 1
github.com/pablo-banker/junglegaming-test/internal/domain/wager_transaction_validation.go:93.3,94.1 1 1
github.com/pablo-banker/junglegaming-test/internal/domain/wager_transaction_validation.go:96.2,96.12 1 1
github.com/pablo-banker/junglegaming-test/internal/domain/wager_transaction_validation.go:101.2,101.34 1 1
github.com/pablo-banker/junglegaming-test/internal/domain/wager_transaction_validation.go:102.3,103.1 1 1
github.com/pablo-banker/junglegaming-test/internal/domain/wager_transaction_validation.go:105.2,105.23 1 1
github.com/pablo-banker/junglegaming-test/internal/domain/wager_transaction_validation.go:106.3,107.1 1 0
github.com/pablo-banker/junglegaming-test/internal/domain/wager_transaction_validation.go:109.2,109.12 1 1
github.com/pablo-banker/junglegaming-test/internal/domain/wager_transaction_validation.go:114.2,114.49 1 1
github.com/pablo-banker/junglegaming-test/internal/domain/wager_transaction_validation.go:115.3,115.23 1 1
github.com/pablo-banker/junglegaming-test/internal/domain/wager_transaction_validation.go:116.4,117.1 1 1
github.com/pablo-banker/junglegaming-test/internal/domain/wager_transaction_validation.go:119.3,119.13 1 1
github.com/pablo-banker/junglegaming-test/internal/domain/wager_transaction_validation.go:122.2,122.26 1 1
github.com/pablo-banker/junglegaming-test/internal/domain/wager_transaction_validation.go:123.3,124.1 1 1
github.com/pablo-banker/junglegaming-test/internal/domain/wager_transaction_validation.go:126.2,126.12 1 1
github.com/pablo-banker/junglegaming-test/internal/domain/wager_transaction_validation.go:131.2,132.1 2 1
github.com/pablo-banker/junglegaming-test/internal/domain/wager_transaction_validation.go:133.2,133.58 2 1
github.com/pablo-banker/junglegaming-test/internal/domain/wager_transaction_validation.go:134.3,135.1 1 1
github.com/pablo-banker/junglegaming-test/internal/domain/wager_transaction_validation.go:137.2,137.56 1 1
github.com/pablo-banker/junglegaming-test/internal/domain/wager_transaction_validation.go:138.3,139.1 1 1
github.com/pablo-banker/junglegaming-test/internal/domain/wager_transaction_validation.go:141.2,141.12 1 1
github.com/pablo-banker/junglegaming-test/internal/domain/wager_transaction_validation.go:146.2,146.27 1 1
github.com/pablo-banker/junglegaming-test/internal/domain/wager_transaction_validation.go:147.3,148.1 1 1
github.com/pablo-banker/junglegaming-test/internal/domain/wager_transaction_validation.go:150.2,150.33 1 1
github.com/pablo-banker/junglegaming-test/internal/domain/wager_transaction_validation.go:151.3,152.1 1 1
github.com/pablo-banker/junglegaming-test/internal/domain/wager_transaction_validation.go:154.2,154.33 1 1
github.com/pablo-banker/junglegaming-test/internal/domain/wager_transaction_validation.go:155.3,156.1 1 1
github.com/pablo-banker/junglegaming-test/internal/domain/wager_transaction_validation.go:158.2,158.28 1 1
github.com/pablo-banker/junglegaming-test/internal/domain/wager_transaction_validation.go:159.3,160.1 1 1
github.com/pablo-banker/junglegaming-test/internal/domain/wager_transaction_validation.go:162.2,162.30 1 1
github.com/pablo-banker/junglegaming-test/internal/domain/wager_transaction_validation.go:163.3,164.1 1 1
github.com/pablo-banker/junglegaming-test/internal/domain/wager_transaction_validation.go:166.2,166.58 1 1
github.com/pablo-banker/junglegaming-test/internal/domain/wager_transaction_validation.go:167.3,168.1 1 1
github.com/pablo-banker/junglegaming-test/internal/domain/wager_transaction_validation.go:170.2,170.60 1 1
github.com/pablo-banker/junglegaming-test/internal/domain/wager_transaction_validation.go:171.3,172.1 1 1
github.com/pablo-banker/junglegaming-test/internal/domain/wager_transaction_validation.go:174.2,174.47 1 1
github.com/pablo-banker/junglegaming-test/internal/domain/wager_transaction_validation.go:175.3,176.1 1 1
github.com/pablo-banker/junglegaming-test/internal/domain/wager_transaction_validation.go:178.2,178.48 1 1
github.com/pablo-banker/junglegaming-test/internal/domain/wager_transaction_validation.go:179.3,179.59 1 1
github.com/pablo-banker/junglegaming-test/internal/domain/wager_transaction_validation.go:180.4,181.1 1 1
github.com/pablo-banker/junglegaming-test/internal/domain/wager_transaction_validation.go:183.3,183.71 1 1
github.com/pablo-banker/junglegaming-test/internal/domain/wager_transaction_validation.go:184.4,185.1 1 1
github.com/pablo-banker/junglegaming-test/internal/domain/wager_transaction_validation.go:188.2,188.61 1 1
github.com/pablo-banker/junglegaming-test/internal/domain/wager_transaction_validation.go:189.3,190.1 1 1
github.com/pablo-banker/junglegaming-test/internal/domain/wager_transaction_validation.go:192.2,192.48 1 1
github.com/pablo-banker/junglegaming-test/internal/domain/wager_transaction_validation.go:193.3,194.1 1 1
github.com/pablo-banker/junglegaming-test/internal/domain/wager_transaction_validation.go:196.2,196.12 1 1
github.com/pablo-banker/junglegaming-test/internal/domain/wager_transaction_validation.go:201.2,209.45 1 1
github.com/pablo-banker/junglegaming-test/internal/domain/wager_transaction_validation.go:210.3,211.1 1 1
github.com/pablo-banker/junglegaming-test/internal/domain/wager_transaction_validation.go:213.2,213.33 1 1
github.com/pablo-banker/junglegaming-test/internal/domain/wager_transaction_validation.go:214.3,215.1 1 1
github.com/pablo-banker/junglegaming-test/internal/domain/wager_transaction_validation.go:217.2,217.54 1 1
github.com/pablo-banker/junglegaming-test/internal/domain/wager_transaction_validation.go:218.3,219.1 1 1
github.com/pablo-banker/junglegaming-test/internal/domain/wager_transaction_validation.go:221.2,221.12 1 1
github.com/pablo-banker/junglegaming-test/internal/domain/wager_transaction_validation.go:226.2,226.31 1 1
github.com/pablo-banker/junglegaming-test/internal/domain/wager_transaction_validation.go:227.3,228.1 1 0
github.com/pablo-banker/junglegaming-test/internal/domain/wager_transaction_validation.go:230.2,230.48 1 1
github.com/pablo-banker/junglegaming-test/internal/domain/wager_transaction_validation.go:231.3,232.1 1 1
github.com/pablo-banker/junglegaming-test/internal/domain/wager_transaction_validation.go:234.2,234.59 1 1
github.com/pablo-banker/junglegaming-test/internal/domain/wager_transaction_validation.go:235.3,236.1 1 1
github.com/pablo-banker/junglegaming-test/internal/domain/wager_transaction_validation.go:238.2,238.52 1 1
github.com/pablo-banker/junglegaming-test/internal/domain/wager_transaction_validation.go:239.3,240.1 1 1
github.com/pablo-banker/junglegaming-test/internal/domain/wager_transaction_validation.go:242.2,242.49 1 1
github.com/pablo-banker/junglegaming-test/internal/domain/wager_transaction_validation.go:243.3,244.1 1 1
github.com/pablo-banker/junglegaming-test/internal/domain/wager_transaction_validation.go:246.2,246.45 1 1
github.com/pablo-banker/junglegaming-test/internal/domain/wager_transaction_validation.go:247.3,248.1 1 1
github.com/pablo-banker/junglegaming-test/internal/domain/wager_transaction_validation.go:250.2,250.44 1 1
github.com/pablo-banker/junglegaming-test/internal/domain/wager_transaction_validation.go:251.3,252.1 1 1
github.com/pablo-banker/junglegaming-test/internal/domain/wager_transaction_validation.go:254.2,254.72 1 1
github.com/pablo-banker/junglegaming-test/internal/domain/wager_transaction_validation.go:255.3,256.1 1 1
github.com/pablo-banker/junglegaming-test/internal/domain/wager_transaction_validation.go:258.2,258.102 1 1
github.com/pablo-banker/junglegaming-test/internal/domain/wager_transaction_validation.go:259.3,260.1 1 1
github.com/pablo-banker/junglegaming-test/internal/domain/wager_transaction_validation.go:262.2,262.12 1 1
github.com/pablo-banker/junglegaming-test/internal/domain/wager_transaction_validation.go:267.2,270.1 4 1
github.com/pablo-banker/junglegaming-test/internal/domain/wager_transaction_validation.go:271.2,271.73 4 1
github.com/pablo-banker/junglegaming-test/internal/domain/wager_transaction_validation.go:272.3,273.1 1 1
github.com/pablo-banker/junglegaming-test/internal/domain/wager_transaction_validation.go:275.2,275.46 1 1
github.com/pablo-banker/junglegaming-test/internal/domain/wager_transaction_validation.go:276.3,277.1 1 1
github.com/pablo-banker/junglegaming-test/internal/domain/wager_transaction_validation.go:279.2,279.12 1 1
github.com/pablo-banker/junglegaming-test/internal/domain/wager_transaction_validation.go:284.2,284.23 1 1
github.com/pablo-banker/junglegaming-test/internal/domain/wager_transaction_validation.go:286.3,286.43 1 1
github.com/pablo-banker/junglegaming-test/internal/domain/wager_transaction_validation.go:289.3,289.52 1 1
github.com/pablo-banker/junglegaming-test/internal/domain/wager_transaction_validation.go:292.3,292.45 1 1
github.com/pablo-banker/junglegaming-test/internal/domain/wager_transaction_validation.go:295.3,295.51 1 1
github.com/pablo-banker/junglegaming-test/internal/domain/wager_transaction_validation.go:298.3,298.42 1 0
github.com/pablo-banker/junglegaming-test/internal/domain/wager_transaction_validation.go:304.2,304.31 1 1
github.com/pablo-banker/junglegaming-test/internal/domain/wager_transaction_validation.go:305.3,306.1 1 1
github.com/pablo-banker/junglegaming-test/internal/domain/wager_transaction_validation.go:308.2,308.63 1 1
github.com/pablo-banker/junglegaming-test/internal/domain/wager_transaction_validation.go:309.3,310.1 1 1
github.com/pablo-banker/junglegaming-test/internal/domain/wager_transaction_validation.go:312.2,312.61 1 1
github.com/pablo-banker/junglegaming-test/internal/domain/wager_transaction_validation.go:313.3,314.1 1 1
github.com/pablo-banker/junglegaming-test/internal/domain/wager_transaction_validation.go:316.2,316.12 1 1
github.com/pablo-banker/junglegaming-test/internal/domain/wager_transaction_validation.go:321.2,321.68 1 1
github.com/pablo-banker/junglegaming-test/internal/domain/wager_transaction_validation.go:322.3,323.1 1 1
github.com/pablo-banker/junglegaming-test/internal/domain/wager_transaction_validation.go:325.2,326.45 1 1
github.com/pablo-banker/junglegaming-test/internal/domain/wager_transaction_validation.go:327.3,328.1 1 1
github.com/pablo-banker/junglegaming-test/internal/domain/wager_transaction_validation.go:330.2,330.31 1 1
github.com/pablo-banker/junglegaming-test/internal/domain/wager_transaction_validation.go:331.3,332.1 1 1
github.com/pablo-banker/junglegaming-test/internal/domain/wager_transaction_validation.go:334.2,334.63 1 1
github.com/pablo-banker/junglegaming-test/internal/domain/wager_transaction_validation.go:335.3,336.1 1 1
github.com/pablo-banker/junglegaming-test/internal/domain/wager_transaction_validation.go:338.2,338.61 1 1
github.com/pablo-banker/junglegaming-test/internal/domain/wager_transaction_validation.go:339.3,340.1 1 1
github.com/pablo-banker/junglegaming-test/internal/domain/wager_transaction_validation.go:342.2,342.12 1 1
github.com/pablo-banker/junglegaming-test/internal/domain/wager_transaction_validation.go:347.2,347.31 1 1
github.com/pablo-banker/junglegaming-test/internal/domain/wager_transaction_validation.go:348.3,349.1 1 1
github.com/pablo-banker/junglegaming-test/internal/domain/wager_transaction_validation.go:351.2,351.63 1 1
github.com/pablo-banker/junglegaming-test/internal/domain/wager_transaction_validation.go:352.3,353.1 1 1
github.com/pablo-banker/junglegaming-test/internal/domain/wager_transaction_validation.go:355.2,355.61 1 1
github.com/pablo-banker/junglegaming-test/internal/domain/wager_transaction_validation.go:356.3,357.1 1 1
github.com/pablo-banker/junglegaming-test/internal/domain/wager_transaction_validation.go:359.2,359.52 1 1
github.com/pablo-banker/junglegaming-test/internal/domain/wager_transaction_validation.go:360.3,361.1 1 1
github.com/pablo-banker/junglegaming-test/internal/domain/wager_transaction_validation.go:363.2,363.64 1 1
github.com/pablo-banker/junglegaming-test/internal/domain/wager_transaction_validation.go:364.3,365.1 1 1
github.com/pablo-banker/junglegaming-test/internal/domain/wager_transaction_validation.go:367.2,373.3 1 1
github.com/pablo-banker/junglegaming-test/internal/domain/wager_transaction_validation.go:378.2,381.1 4 1
github.com/pablo-banker/junglegaming-test/internal/domain/wager_transaction_validation.go:382.2,382.26 4 1
github.com/pablo-banker/junglegaming-test/internal/domain/wager_transaction_validation.go:383.3,383.49 1 1
github.com/pablo-banker/junglegaming-test/internal/domain/wager_transaction_validation.go:384.4,385.1 1 1
github.com/pablo-banker/junglegaming-test/internal/domain/wager_transaction_validation.go:387.3,387.13 1 1
github.com/pablo-banker/junglegaming-test/internal/domain/wager_transaction_validation.go:390.2,390.46 1 1
github.com/pablo-banker/junglegaming-test/internal/domain/wager_transaction_validation.go:391.3,392.1 1 1
github.com/pablo-banker/junglegaming-test/internal/domain/wager_transaction_validation.go:394.2,394.12 1 1
github.com/pablo-banker/junglegaming-test/internal/domain/wager_transaction_validation.go:399.2,399.49 1 1
github.com/pablo-banker/junglegaming-test/internal/domain/wager_transaction_validation.go:400.3,401.1 1 1
github.com/pablo-banker/junglegaming-test/internal/domain/wager_transaction_validation.go:403.2,403.31 1 1
github.com/pablo-banker/junglegaming-test/internal/domain/wager_transaction_validation.go:404.3,405.1 1 1
github.com/pablo-banker/junglegaming-test/internal/domain/wager_transaction_validation.go:407.2,407.63 1 1
github.com/pablo-banker/junglegaming-test/internal/domain/wager_transaction_validation.go:408.3,409.1 1 1
github.com/pablo-banker/junglegaming-test/internal/domain/wager_transaction_validation.go:411.2,411.36 1 1
github.com/pablo-banker/junglegaming-test/internal/domain/wager_transaction_validation.go:416.2,416.62 1 1
github.com/pablo-banker/junglegaming-test/internal/domain/wager_transaction_validation.go:417.3,418.1 1 1
github.com/pablo-banker/junglegaming-test/internal/domain/wager_transaction_validation.go:420.2,420.49 1 1
github.com/pablo-banker/junglegaming-test/internal/domain/wager_transaction_validation.go:421.3,422.1 1 1
github.com/pablo-banker/junglegaming-test/internal/domain/wager_transaction_validation.go:424.2,424.48 1 1
github.com/pablo-banker/junglegaming-test/internal/domain/wager_transaction_validation.go:425.3,426.1 1 1
github.com/pablo-banker/junglegaming-test/internal/domain/wager_transaction_validation.go:428.2,428.12 1 1
github.com/pablo-banker/junglegaming-test/internal/domain/wager_transaction_validation.go:433.2,436.1 4 1
github.com/pablo-banker/junglegaming-test/internal/domain/wager_transaction_validation.go:437.2,437.68 4 1
github.com/pablo-banker/junglegaming-test/internal/domain/wager_transaction_validation.go:438.3,439.1 1 0
github.com/pablo-banker/junglegaming-test/internal/domain/wager_transaction_validation.go:441.2,441.26 1 1
github.com/pablo-banker/junglegaming-test/internal/domain/wager_transaction_validation.go:442.3,442.49 1 1
github.com/pablo-banker/junglegaming-test/internal/domain/wager_transaction_validation.go:443.4,444.1 1 1
github.com/pablo-banker/junglegaming-test/internal/domain/wager_transaction_validation.go:446.3,446.13 1 1
github.com/pablo-banker/junglegaming-test/internal/domain/wager_transaction_validation.go:449.2,449.46 1 1
github.com/pablo-banker/junglegaming-test/internal/domain/wager_transaction_validation.go:450.3,451.1 1 0
github.com/pablo-banker/junglegaming-test/internal/domain/wager_transaction_validation.go:453.2,453.12 1 1
github.com/pablo-banker/junglegaming-test/internal/domain/wager_transaction_validation.go:458.2,458.22 1 1
github.com/pablo-banker/junglegaming-test/internal/domain/wager_transaction_validation.go:459.3,460.1 1 1
github.com/pablo-banker/junglegaming-test/internal/domain/wager_transaction_validation.go:462.2,462.42 1 1
github.com/pablo-banker/junglegaming-test/internal/domain/wager_transaction_validation.go:463.3,464.1 1 1
github.com/pablo-banker/junglegaming-test/internal/domain/wager_transaction_validation.go:466.2,466.63 1 1
github.com/pablo-banker/junglegaming-test/internal/domain/wager_transaction_validation.go:467.3,468.1 1 1
github.com/pablo-banker/junglegaming-test/internal/domain/wager_transaction_validation.go:470.2,470.54 1 1
github.com/pablo-banker/junglegaming-test/internal/domain/wager_transaction_validation.go:471.3,472.1 1 1
github.com/pablo-banker/junglegaming-test/internal/domain/wager_transaction_validation.go:474.2,474.73 1 1
github.com/pablo-banker/junglegaming-test/internal/domain/wager_transaction_validation.go:475.3,476.1 1 1
github.com/pablo-banker/junglegaming-test/internal/domain/wager_transaction_validation.go:478.2,478.57 1 1
github.com/pablo-banker/junglegaming-test/internal/domain/wager_transaction_validation.go:479.3,480.1 1 1
github.com/pablo-banker/junglegaming-test/internal/domain/wager_transaction_validation.go:482.2,482.62 1 1
github.com/pablo-banker/junglegaming-test/internal/domain/wager_transaction_validation.go:483.3,484.1 1 1
github.com/pablo-banker/junglegaming-test/internal/domain/wager_transaction_validation.go:486.2,486.43 1 1
github.com/pablo-banker/junglegaming-test/internal/domain/wager_transaction_validation.go:491.2,495.59 1 1
github.com/pablo-banker/junglegaming-test/internal/domain/wager_transaction_validation.go:496.3,497.1 1 1
github.com/pablo-banker/junglegaming-test/internal/domain/wager_transaction_validation.go:499.2,499.12 1 1
github.com/pablo-banker/junglegaming-test/internal/domain/wager_transaction_validation.go:504.2,504.27 1 1
github.com/pablo-banker/junglegaming-test/internal/domain/wager_transaction_validation.go:506.3,506.59 1 1
github.com/pablo-banker/junglegaming-test/internal/domain/wager_transaction_validation.go:507.4,508.1 1 1
github.com/pablo-banker/junglegaming-test/internal/domain/wager_transaction_validation.go:511.3,511.59 1 1
github.com/pablo-banker/junglegaming-test/internal/domain/wager_transaction_validation.go:512.4,513.1 1 1
github.com/pablo-banker/junglegaming-test/internal/domain/wager_transaction_validation.go:515.3,515.40 1 1
github.com/pablo-banker/junglegaming-test/internal/domain/wager_transaction_validation.go:516.4,517.1 1 1
github.com/pablo-banker/junglegaming-test/internal/domain/wager_transaction_validation.go:520.3,520.36 1 1
github.com/pablo-banker/junglegaming-test/internal/domain/wager_transaction_validation.go:523.31,523.31 0 1
github.com/pablo-banker/junglegaming-test/internal/domain/wager_transaction_validation.go:525.4,525.35 1 1
github.com/pablo-banker/junglegaming-test/internal/domain/wager_transaction_validation.go:528.3,528.40 1 1
github.com/pablo-banker/junglegaming-test/internal/domain/wager_transaction_validation.go:529.4,530.1 1 1
github.com/pablo-banker/junglegaming-test/internal/domain/wager_transaction_validation.go:533.3,533.34 1 0
github.com/pablo-banker/junglegaming-test/internal/domain/wager_transaction_validation.go:536.2,536.12 1 1
github.com/pablo-banker/junglegaming-test/internal/domain/wager_transaction_validation.go:541.2,541.14 1 1
github.com/pablo-banker/junglegaming-test/internal/domain/wager_transaction_validation.go:543.3,546.38 1 1
github.com/pablo-banker/junglegaming-test/internal/domain/wager_transaction_validation.go:549.3,551.38 1 1
github.com/pablo-banker/junglegaming-test/internal/domain/wager_transaction_validation.go:554.3,554.15 1 0
github.com/pablo-banker/junglegaming-test/internal/domain/wager_transaction_validation.go:566.2,566.78 1 1
github.com/pablo-banker/junglegaming-test/internal/domain/wager_transaction_validation.go:567.3,568.1 1 1
github.com/pablo-banker/junglegaming-test/internal/domain/wager_transaction_validation.go:570.2,570.61 1 1
github.com/pablo-banker/junglegaming-test/internal/domain/wager_transaction_validation.go:571.3,572.1 1 1
github.com/pablo-banker/junglegaming-test/internal/domain/wager_transaction_validation.go:574.2,575.53 1 1
github.com/pablo-banker/junglegaming-test/internal/domain/wager_transaction_validation.go:576.3,577.1 1 1
github.com/pablo-banker/junglegaming-test/internal/domain/wager_transaction_validation.go:579.2,579.25 1 1
github.com/pablo-banker/junglegaming-test/internal/domain/wager_transaction_validation.go:581.3,581.77 1 1
github.com/pablo-banker/junglegaming-test/internal/domain/wager_transaction_validation.go:584.3,584.75 1 1
github.com/pablo-banker/junglegaming-test/internal/domain/wager_transaction_validation.go:587.3,587.76 1 1
github.com/pablo-banker/junglegaming-test/internal/domain/wager_transaction_validation.go:590.3,590.61 1 1
github.com/pablo-banker/junglegaming-test/internal/domain/wager_transaction_validation.go:591.4,592.1 1 1
github.com/pablo-banker/junglegaming-test/internal/domain/wager_transaction_validation.go:594.3,594.13 1 1
github.com/pablo-banker/junglegaming-test/internal/domain/wager_transaction_validation.go:597.3,602.4 1 1
github.com/pablo-banker/junglegaming-test/internal/domain/wager_transaction_validation.go:605.3,605.40 1 0
github.com/pablo-banker/junglegaming-test/internal/domain/wager_transaction_validation.go:611.2,611.60 1 1
github.com/pablo-banker/junglegaming-test/internal/domain/wager_transaction_validation.go:612.3,613.1 1 1
github.com/pablo-banker/junglegaming-test/internal/domain/wager_transaction_validation.go:615.2,615.12 1 1
github.com/pablo-banker/junglegaming-test/internal/domain/wager_transaction_validation.go:620.2,621.16 2 1
github.com/pablo-banker/junglegaming-test/internal/domain/wager_transaction_validation.go:622.3,623.1 1 0
github.com/pablo-banker/junglegaming-test/internal/domain/wager_transaction_validation.go:625.2,625.60 1 1
github.com/pablo-banker/junglegaming-test/internal/domain/wager_transaction_validation.go:626.3,627.1 1 1
github.com/pablo-banker/junglegaming-test/internal/domain/wager_transaction_validation.go:629.2,629.12 1 1
github.com/pablo-banker/junglegaming-test/internal/domain/wager_transaction_validation.go:634.2,635.16 2 1
github.com/pablo-banker/junglegaming-test/internal/domain/wager_transaction_validation.go:636.3,637.1 1 1
github.com/pablo-banker/junglegaming-test/internal/domain/wager_transaction_validation.go:639.2,639.35 1 1
github.com/pablo-banker/junglegaming-test/internal/domain/wager_transaction_validation.go:640.3,641.1 1 1
github.com/pablo-banker/junglegaming-test/internal/domain/wager_transaction_validation.go:643.2,643.12 1 1
github.com/pablo-banker/junglegaming-test/internal/domain/wager_transaction_validation.go:653.2,653.34 1 1
github.com/pablo-banker/junglegaming-test/internal/domain/wager_transaction_validation.go:655.3,655.76 1 1
github.com/pablo-banker/junglegaming-test/internal/domain/wager_transaction_validation.go:658.3,658.75 1 1
github.com/pablo-banker/junglegaming-test/internal/domain/wager_transaction_validation.go:661.3,661.34 1 1
github.com/pablo-banker/junglegaming-test/internal/domain/wallet.go:27.2,27.74 1 1
github.com/pablo-banker/junglegaming-test/internal/domain/wallet.go:28.3,29.1 1 1
github.com/pablo-banker/junglegaming-test/internal/domain/wallet.go:31.2,31.24 1 1
github.com/pablo-banker/junglegaming-test/internal/domain/wallet.go:32.3,33.1 1 1
github.com/pablo-banker/junglegaming-test/internal/domain/wallet.go:35.2,36.1 2 1
github.com/pablo-banker/junglegaming-test/internal/domain/wallet.go:37.2,44.8 2 1
github.com/pablo-banker/junglegaming-test/internal/domain/wallet.go:56.2,56.67 1 1
github.com/pablo-banker/junglegaming-test/internal/domain/wallet.go:57.3,58.1 1 1
github.com/pablo-banker/junglegaming-test/internal/domain/wallet.go:60.2,60.36 1 1
github.com/pablo-banker/junglegaming-test/internal/domain/wallet.go:61.3,62.1 1 1
github.com/pablo-banker/junglegaming-test/internal/domain/wallet.go:64.2,64.77 1 1
github.com/pablo-banker/junglegaming-test/internal/domain/wallet.go:65.3,66.1 1 1
github.com/pablo-banker/junglegaming-test/internal/domain/wallet.go:68.2,75.8 1 1
github.com/pablo-banker/junglegaming-test/internal/domain/wallet.go:80.2,80.62 1 1
github.com/pablo-banker/junglegaming-test/internal/domain/wallet.go:81.3,82.1 1 1
github.com/pablo-banker/junglegaming-test/internal/domain/wallet.go:84.2,85.16 2 1
github.com/pablo-banker/junglegaming-test/internal/domain/wallet.go:86.3,87.1 1 0
github.com/pablo-banker/junglegaming-test/internal/domain/wallet.go:89.2,89.20 1 1
github.com/pablo-banker/junglegaming-test/internal/domain/wallet.go:90.3,91.1 1 1
github.com/pablo-banker/junglegaming-test/internal/domain/wallet.go:93.2,94.16 2 1
github.com/pablo-banker/junglegaming-test/internal/domain/wallet.go:95.3,96.1 1 0
github.com/pablo-banker/junglegaming-test/internal/domain/wallet.go:98.2,99.1 2 1
github.com/pablo-banker/junglegaming-test/internal/domain/wallet.go:100.2,100.12 2 1
github.com/pablo-banker/junglegaming-test/internal/domain/wallet.go:105.2,105.62 1 1
github.com/pablo-banker/junglegaming-test/internal/domain/wallet.go:106.3,107.1 1 1
github.com/pablo-banker/junglegaming-test/internal/domain/wallet.go:109.2,110.16 2 1
github.com/pablo-banker/junglegaming-test/internal/domain/wallet.go:111.3,112.1 1 1
github.com/pablo-banker/junglegaming-test/internal/domain/wallet.go:114.2,115.1 2 1
github.com/pablo-banker/junglegaming-test/internal/domain/wallet.go:116.2,116.12 2 1
github.com/pablo-banker/junglegaming-test/internal/domain/wallet.go:121.2,121.20 1 1
github.com/pablo-banker/junglegaming-test/internal/domain/wallet.go:122.3,123.1 1 1
github.com/pablo-banker/junglegaming-test/internal/domain/wallet.go:125.2,125.26 1 1
github.com/pablo-banker/junglegaming-test/internal/domain/wallet.go:126.3,127.1 1 1
github.com/pablo-banker/junglegaming-test/internal/domain/wallet.go:129.2,129.35 1 1
github.com/pablo-banker/junglegaming-test/internal/domain/wallet.go:130.3,131.1 1 1
github.com/pablo-banker/junglegaming-test/internal/domain/wallet.go:133.2,133.24 1 1
github.com/pablo-banker/junglegaming-test/internal/domain/wallet.go:134.3,135.1 1 0
github.com/pablo-banker/junglegaming-test/internal/domain/wallet.go:137.2,137.26 1 1
github.com/pablo-banker/junglegaming-test/internal/domain/wallet.go:138.3,139.1 1 1
github.com/pablo-banker/junglegaming-test/internal/domain/wallet.go:141.2,141.12 1 1
github.com/pablo-banker/junglegaming-test/internal/domain/wallet.go:146.2,146.23 1 1
github.com/pablo-banker/junglegaming-test/internal/domain/wallet.go:147.3,148.1 1 1
github.com/pablo-banker/junglegaming-test/internal/domain/wallet.go:150.2,150.44 1 1
github.com/pablo-banker/junglegaming-test/internal/domain/wallet.go:151.3,152.1 1 1
github.com/pablo-banker/junglegaming-test/internal/domain/wallet.go:154.2,154.26 1 1
github.com/pablo-banker/junglegaming-test/internal/domain/wallet.go:155.3,156.1 1 1
github.com/pablo-banker/junglegaming-test/internal/domain/wallet.go:158.2,158.57 1 1
github.com/pablo-banker/junglegaming-test/internal/domain/wallet.go:159.3,160.1 1 1
github.com/pablo-banker/junglegaming-test/internal/domain/wallet.go:162.2,162.12 1 1
github.com/pablo-banker/junglegaming-test/internal/domain/wallet.go:167.2,170.1 3 1
github.com/pablo-banker/junglegaming-test/internal/domain/wallet.go:174.2,175.1 1 1
github.com/pablo-banker/junglegaming-test/internal/domain/wallet.go:179.2,180.1 1 1
github.com/pablo-banker/junglegaming-test/internal/domain/wallet.go:184.2,185.1 1 1
github.com/pablo-banker/junglegaming-test/internal/domain/wallet.go:189.2,190.1 1 1
github.com/pablo-banker/junglegaming-test/internal/domain/wallet.go:194.2,195.1 1 1
github.com/pablo-banker/junglegaming-test/internal/domain/wallet.go:199.2,200.1 1 1
github.com/pablo-banker/junglegaming-test/internal/domain/wallet.go:204.2,205.1 1 1
github.com/pablo-banker/junglegaming-test/internal/domain/wallet_ledger_entry.go:29.2,29.11 1 1
github.com/pablo-banker/junglegaming-test/internal/domain/wallet_ledger_entry.go:31.3,31.14 1 1
github.com/pablo-banker/junglegaming-test/internal/domain/wallet_ledger_entry.go:33.3,33.15 1 1
github.com/pablo-banker/junglegaming-test/internal/domain/wallet_ledger_entry.go:39.2,40.1 1 1
github.com/pablo-banker/junglegaming-test/internal/domain/wallet_ledger_entry.go:53.2,63.1 1 1
github.com/pablo-banker/junglegaming-test/internal/domain/wallet_ledger_entry.go:76.2,86.1 1 1
github.com/pablo-banker/junglegaming-test/internal/domain/wallet_ledger_entry.go:99.2,108.16 1 1
github.com/pablo-banker/junglegaming-test/internal/domain/wallet_ledger_entry.go:109.3,110.1 1 1
github.com/pablo-banker/junglegaming-test/internal/domain/wallet_ledger_entry.go:112.2,121.8 1 1
github.com/pablo-banker/junglegaming-test/internal/domain/wallet_ledger_entry.go:135.2,135.20 1 1
github.com/pablo-banker/junglegaming-test/internal/domain/wallet_ledger_entry.go:136.3,137.1 1 1
github.com/pablo-banker/junglegaming-test/internal/domain/wallet_ledger_entry.go:139.2,139.26 1 1
github.com/pablo-banker/junglegaming-test/internal/domain/wallet_ledger_entry.go:140.3,141.1 1 1
github.com/pablo-banker/junglegaming-test/internal/domain/wallet_ledger_entry.go:143.2,143.31 1 1
github.com/pablo-banker/junglegaming-test/internal/domain/wallet_ledger_entry.go:144.3,145.1 1 1
github.com/pablo-banker/junglegaming-test/internal/domain/wallet_ledger_entry.go:147.2,147.26 1 1
github.com/pablo-banker/junglegaming-test/internal/domain/wallet_ledger_entry.go:148.3,149.1 1 1
github.com/pablo-banker/junglegaming-test/internal/domain/wallet_ledger_entry.go:151.2,153.38 1 1
github.com/pablo-banker/junglegaming-test/internal/domain/wallet_ledger_entry.go:154.3,155.1 1 1
github.com/pablo-banker/junglegaming-test/internal/domain/wallet_ledger_entry.go:157.2,157.78 1 1
github.com/pablo-banker/junglegaming-test/internal/domain/wallet_ledger_entry.go:158.3,159.1 1 0
github.com/pablo-banker/junglegaming-test/internal/domain/wallet_ledger_entry.go:161.2,161.26 1 1
github.com/pablo-banker/junglegaming-test/internal/domain/wallet_ledger_entry.go:162.3,163.1 1 1
github.com/pablo-banker/junglegaming-test/internal/domain/wallet_ledger_entry.go:165.2,165.61 1 1
github.com/pablo-banker/junglegaming-test/internal/domain/wallet_ledger_entry.go:166.3,167.1 1 1
github.com/pablo-banker/junglegaming-test/internal/domain/wallet_ledger_entry.go:169.2,170.53 1 1
github.com/pablo-banker/junglegaming-test/internal/domain/wallet_ledger_entry.go:171.3,172.1 1 1
github.com/pablo-banker/junglegaming-test/internal/domain/wallet_ledger_entry.go:174.2,174.24 1 1
github.com/pablo-banker/junglegaming-test/internal/domain/wallet_ledger_entry.go:175.3,176.1 1 1
github.com/pablo-banker/junglegaming-test/internal/domain/wallet_ledger_entry.go:178.2,178.81 1 1
github.com/pablo-banker/junglegaming-test/internal/domain/wallet_ledger_entry.go:188.2,190.1 3 1
github.com/pablo-banker/junglegaming-test/internal/domain/wallet_ledger_entry.go:191.2,191.19 3 1
github.com/pablo-banker/junglegaming-test/internal/domain/wallet_ledger_entry.go:193.3,193.51 1 1
github.com/pablo-banker/junglegaming-test/internal/domain/wallet_ledger_entry.go:196.3,196.51 1 1
github.com/pablo-banker/junglegaming-test/internal/domain/wallet_ledger_entry.go:199.3,199.35 1 0
github.com/pablo-banker/junglegaming-test/internal/domain/wallet_ledger_entry.go:202.2,202.16 1 1
github.com/pablo-banker/junglegaming-test/internal/domain/wallet_ledger_entry.go:203.3,204.1 1 1
github.com/pablo-banker/junglegaming-test/internal/domain/wallet_ledger_entry.go:206.2,206.34 1 1
github.com/pablo-banker/junglegaming-test/internal/domain/wallet_ledger_entry.go:207.3,208.1 1 1
github.com/pablo-banker/junglegaming-test/internal/domain/wallet_ledger_entry.go:210.2,210.42 1 1
github.com/pablo-banker/junglegaming-test/internal/domain/wallet_ledger_entry.go:211.3,212.1 1 1
github.com/pablo-banker/junglegaming-test/internal/domain/wallet_ledger_entry.go:214.2,214.12 1 1
github.com/pablo-banker/junglegaming-test/internal/domain/wallet_ledger_entry.go:219.2,220.1 1 1
github.com/pablo-banker/junglegaming-test/internal/domain/wallet_ledger_entry.go:224.2,225.1 1 1
github.com/pablo-banker/junglegaming-test/internal/domain/wallet_ledger_entry.go:229.2,230.1 1 1
github.com/pablo-banker/junglegaming-test/internal/domain/wallet_ledger_entry.go:234.2,235.1 1 1
github.com/pablo-banker/junglegaming-test/internal/domain/wallet_ledger_entry.go:239.2,240.1 1 1
github.com/pablo-banker/junglegaming-test/internal/domain/wallet_ledger_entry.go:244.2,245.1 1 1
github.com/pablo-banker/junglegaming-test/internal/domain/wallet_ledger_entry.go:249.2,250.1 1 1
github.com/pablo-banker/junglegaming-test/internal/domain/wallet_ledger_entry.go:254.2,255.1 1 1
